// Jest Snapshot v1, https://goo.gl/fbAQLP

exports[`material querries test materials and one material test #2 Should receive one material 1`] = `
Object {
  "__typename": "Material",
  "additionalPrice": Array [
    Object {
      "__typename": "CurrencySet",
      "currency": "UAH",
      "value": 0,
    },
    Object {
      "__typename": "CurrencySet",
      "currency": "USD",
      "value": 0,
    },
  ],
  "available": true,
  "colors": Array [
    Object {
      "__typename": "Color",
      "available": true,
      "code": 777,
      "images": Object {
        "__typename": "ImageSet",
        "large": "large_test",
        "medium": "medium_test",
        "small": "small_test",
        "thumbnail": "thumbnail_test",
      },
      "name": Array [
        Object {
          "__typename": "Language",
          "lang": "uk",
          "value": "Тестовий колір",
        },
        Object {
          "__typename": "Language",
          "lang": "en",
          "value": "Test color",
        },
      ],
      "simpleName": Array [
        Object {
          "__typename": "Language",
          "lang": "uk",
          "value": "проста назва кольору",
        },
        Object {
          "__typename": "Language",
          "lang": "en",
          "value": "simple color name",
        },
      ],
    },
  ],
  "description": Array [
    Object {
      "__typename": "Language",
      "lang": "uk",
      "value": "Опис Тестового матеріальчика",
    },
    Object {
      "__typename": "Language",
      "lang": "en",
      "value": "Description for Test Materialyy",
    },
  ],
  "name": Array [
    Object {
      "__typename": "Language",
      "lang": "uk",
      "value": "Тест",
    },
    Object {
      "__typename": "Language",
      "lang": "en",
      "value": "Test",
    },
  ],
  "purpose": "test",
}
`;

exports[`material querries test should receive one material 1`] = `
Object {
  "additionalPrice": Array [
    Object {
      "currency": "UAH",
      "value": 0,
    },
    Object {
      "currency": "USD",
      "value": 0,
    },
  ],
  "available": true,
  "colors": Array [
    Object {
      "available": true,
      "code": 777,
      "images": Object {
        "large": "large_test",
        "medium": "medium_test",
        "small": "small_test",
        "thumbnail": "thumbnail_test",
      },
      "name": Array [
        Object {
          "lang": "uk",
          "value": "Тестовий колір",
        },
        Object {
          "lang": "en",
          "value": "Test color",
        },
      ],
      "simpleName": Array [
        Object {
          "lang": "uk",
          "value": "проста назва кольору",
        },
        Object {
          "lang": "en",
          "value": "simple color name",
        },
      ],
    },
  ],
  "description": Array [
    Object {
      "lang": "uk",
      "value": "Опис Тестового матеріальчика",
    },
    Object {
      "lang": "en",
      "value": "Description for Test Materialyy",
    },
  ],
  "name": Array [
    Object {
      "lang": "uk",
      "value": "Тест",
    },
    Object {
      "lang": "en",
      "value": "Test",
    },
  ],
  "purpose": "test",
}
`;

exports[`querries #2 Should receive one material 1`] = `
Object {
  "__typename": "Material",
  "additionalPrice": Array [
    Object {
      "__typename": "CurrencySet",
      "currency": "UAH",
      "value": 0,
    },
    Object {
      "__typename": "CurrencySet",
      "currency": "USD",
      "value": 0,
    },
  ],
  "available": true,
  "colors": Array [
    Object {
      "__typename": "Color",
      "available": true,
      "code": 777,
      "images": Object {
        "__typename": "ImageSet",
        "large": "large_test",
        "medium": "medium_test",
        "small": "small_test",
        "thumbnail": "thumbnail_test",
      },
      "name": Array [
        Object {
          "__typename": "Language",
          "lang": "uk",
          "value": "Тестовий колір",
        },
        Object {
          "__typename": "Language",
          "lang": "en",
          "value": "Test color",
        },
      ],
      "simpleName": Array [
        Object {
          "__typename": "Language",
          "lang": "uk",
          "value": "проста назва кольору",
        },
        Object {
          "__typename": "Language",
          "lang": "en",
          "value": "simple color name",
        },
      ],
    },
  ],
  "description": Array [
    Object {
      "__typename": "Language",
      "lang": "uk",
      "value": "Опис Тестового матеріальчика",
    },
    Object {
      "__typename": "Language",
      "lang": "en",
      "value": "Description for Test Materialyy",
    },
  ],
  "name": Array [
    Object {
      "__typename": "Language",
      "lang": "uk",
      "value": "Тест",
    },
    Object {
      "__typename": "Language",
      "lang": "en",
      "value": "Test",
    },
  ],
  "purpose": "test",
}
`;
